<html>
<body>
<pre>
<h1>µVision Build Log</h1>
<h2>Tool Versions:</h2>
IDE-Version: ¦ÌVision V5.24.2.0
Copyright (C) 2017 ARM Ltd and ARM Germany GmbH. All rights reserved.
License Information: AI ZQ, ZJU, LIC=----
 
Tool Versions:
Toolchain:       MDK-Lite  Version: 5.24.1
Toolchain Path:  D:\MYAPP\ARM\ARMCC\Bin
C Compiler:      Armcc.exe V5.06 update 5 (build 528)
Assembler:       Armasm.exe V5.06 update 5 (build 528)
Linker/Locator:  ArmLink.exe V5.06 update 5 (build 528)
Library Manager: ArmAr.exe V5.06 update 5 (build 528)
Hex Converter:   FromElf.exe V5.06 update 5 (build 528)
CPU DLL:         SARMCM3.DLL V5.24.1
Dialog DLL:      DCM.DLL V1.16.0.0
Target DLL:      Segger\JL2CM3.dll V2.99.26.0
Dialog DLL:      TCM.DLL V1.32.0.0
 
<h2>Project:</h2>
C:\Users\antymistor\Desktop\ZJLABÊµÏ°\RS485\Demo\USER\LED.uvprojx
Project File Date:  04/02/2020

<h2>Output:</h2>
*** Using Compiler 'V5.06 update 5 (build 528)', folder: 'D:\MYAPP\ARM\ARMCC\Bin'
Build target 'LED'
compiling main.c...
compiling system_stm32f4xx.c...
compiling D8X3.c...
..\HARDWARE\D8X3\D8X3.c(46): warning:  #223-D: function "RS422_senddata" declared implicitly
  	RS422_senddata(PELCO_D_PACKET,8);
..\HARDWARE\D8X3\D8X3.c: 1 warning, 0 errors
compiling stm32f4xx_it.c...
compiling GILL.c...
..\HARDWARE\GILL\GILL.c(42): warning:  #1-D: last line of file ends without a newline
  }
..\HARDWARE\GILL\GILL.c: 1 warning, 0 errors
compiling SEMCTR.c...
compiling RS485.c...
compiling MODBUS.c...
..\HARDWARE\MODBUS\MODBUS.c(119): warning:  #1-D: last line of file ends without a newline
   } 
..\HARDWARE\MODBUS\MODBUS.c: 1 warning, 0 errors
compiling MTI.c...
compiling usart.c...
..\SYSTEM\usart\usart.c(91): warning:  #1-D: last line of file ends without a newline
  //} 
..\SYSTEM\usart\usart.c: 1 warning, 0 errors
compiling RS422.c...
..\HARDWARE\RS422\RS422.c(105): warning:  #550-D: variable "res"  was set but never used
  	u8 res;	
..\HARDWARE\RS422\RS422.c: 1 warning, 0 errors
compiling sys.c...
compiling misc.c...
compiling delay.c...
compiling stm32f4xx_can.c...
compiling stm32f4xx_adc.c...
compiling stm32f4xx_crc.c...
compiling stm32f4xx_cryp_des.c...
compiling stm32f4xx_cryp_tdes.c...
compiling stm32f4xx_dac.c...
compiling stm32f4xx_dbgmcu.c...
compiling stm32f4xx_dcmi.c...
compiling stm32f4xx_cryp.c...
compiling stm32f4xx_cryp_aes.c...
compiling stm32f4xx_dma.c...
compiling stm32f4xx_exti.c...
compiling stm32f4xx_dma2d.c...
compiling stm32f4xx_flash_ramfunc.c...
compiling stm32f4xx_gpio.c...
compiling stm32f4xx_flash.c...
compiling stm32f4xx_hash_md5.c...
compiling stm32f4xx_hash.c...
compiling stm32f4xx_hash_sha1.c...
compiling stm32f4xx_iwdg.c...
compiling stm32f4xx_i2c.c...
compiling stm32f4xx_rng.c...
compiling stm32f4xx_pwr.c...
compiling stm32f4xx_rcc.c...
compiling stm32f4xx_ltdc.c...
compiling stm32f4xx_rtc.c...
compiling stm32f4xx_sai.c...
compiling stm32f4xx_sdio.c...
compiling croutine.c...
compiling stm32f4xx_spi.c...
compiling event_groups.c...
compiling stm32f4xx_syscfg.c...
compiling list.c...
compiling stm32f4xx_wwdg.c...
compiling stm32f4xx_usart.c...
compiling queue.c...
compiling stream_buffer.c...
compiling tasks.c...
compiling timers.c...
compiling stm32f4xx_tim.c...
compiling heap_4.c...
compiling port.c...
linking...
Program Size: Code=4244 RO-data=488 RW-data=128 ZI-data=1344  
FromELF: creating hex file...
"..\OBJ\LED.axf" - 0 Error(s), 5 Warning(s).

<h2>Software Packages used:</h2>

Package Vendor: Keil
                http://www.keil.com/pack/Keil.STM32F4xx_DFP.2.13.0.pack
                Keil.STM32F4xx_DFP.2.13.0
                STMicroelectronics STM32F4 Series Device Support, Drivers and Examples

<h2>Collection of Component include folders:</h2>
  .\RTE\_LED
  D:\MYAPP\ARM\PACK\Keil\STM32F4xx_DFP\2.13.0\Drivers\CMSIS\Device\ST\STM32F4xx\Include

<h2>Collection of Component Files used:</h2>
Build Time Elapsed:  00:00:18
</pre>
</body>
</html>
